============================= test session starts ==============================
platform linux -- Python 3.13.15, pytest-8.4.2, pluggy-1.6.0 -- /usr/bin/python3
cachedir: .pytest_cache
rootdir: /content
plugins: langsmith-0.12.1, anyio-4.14.2, typeguard-4.6.0
collecting ... collected 2 items

test_inspection.py::test_no_detections PASSED                            [ 50%]
test_inspection.py::test_one_detection PASSED                            [100%]

============================== 2 passed in 1.98s ===============================
